¬í sr logger.pojo.LogF$ÕD*^KD L datat Ljava/lang/String;L severityt Llogger/enums/Severity;L 
stackTraceq ~ L threadIdq ~ L 
threadNameq ~ L 	timestampt Ljava/sql/Timestamp;xpt enter into file~r logger.enums.Severity          xr java.lang.Enum          xpt LOWt 1Thread stackTrace	atlogger.App.main(App.java:13)
t 3t mainsr java.sql.Timestamp&ÕÈS¿e I nanosxr java.util.DatehjKYt  xpw    htğx+Ø€sq ~  t start loggerq ~ t 1Thread stackTrace	atlogger.App.main(App.java:12)
t 3t mainsq ~ w    htğx*­K sq ~  t got exceptionq ~ t 1Thread stackTrace	atlogger.App.main(App.java:14)
t 3t mainsq ~ w    htğx,áŞ@sq ~  t 
end loggerq ~ t 1Thread stackTrace	atlogger.App.main(App.java:15)
t 3q ~ sq ~ w    htğx-.)€sq ~  t 
end loggerq ~ t 1Thread stackTrace	atlogger.App.main(App.java:15)
t 3t mainsq ~ w    htğx-.)€sq ~  t start loggerq ~ t 1Thread stackTrace	atlogger.App.main(App.java:12)
t 3t mainsq ~ w    htğx*­K sq ~  t got exceptionq ~ t 1Thread stackTrace	atlogger.App.main(App.java:14)
t 3q ~ sq ~ w    htğx,áŞ@sq ~  t enter into fileq ~ t 1Thread stackTrace	atlogger.App.main(App.java:13)
t 3q ~ sq ~ w    htğx+Ø€